MO intReg16_MUSER_intReg16_test NULL intReg16_test.vf vlg6D/int_reg16___m_u_s_e_r__int_reg16__test.bin 1485286151
MO buf16_MUSER_intReg16_test NULL intReg16_test.vf vlg5D/buf16___m_u_s_e_r__int_reg16__test.bin 1485286151
MO FTC_MXILINX_intReg16_test NULL intReg16_test.vf vlg0B/_f_t_c___m_x_i_l_i_n_x__int_reg16__test.bin 1485286151
MO debounce_counter NULL ../remote_sources/_/debounce/ipcore_dir/debounce_counter.v vlg40/debounce__counter.bin 1485286151
MO intReg16 NULL intReg16.vf vlg14/int_reg16.bin 1485286151
MO intReg16_test NULL intReg16_test.vf vlg47/int_reg16__test.bin 1485286151
MO debouncer NULL debouncer.vf vlg03/debouncer.bin 1485286151
MO debounceRotary NULL debounceRotary.vf vlg4E/debounce_rotary.bin 1485286151
MO buf16 NULL buf16.vf vlg04/buf16.bin 1485286151
