Release 14.7 - xst P.20131013 (nt64)
Copyright (c) 1995-2013 Xilinx, Inc.  All rights reserved.
--> Parameter TMPDIR set to xst/projnav.tmp


Total REAL time to Xst completion: 0.00 secs
Total CPU time to Xst completion: 0.08 secs
 
--> Parameter xsthdpdir set to xst


Total REAL time to Xst completion: 0.00 secs
Total CPU time to Xst completion: 0.08 secs
 
--> Reading design: MIPS_control_unit.prj

TABLE OF CONTENTS
  1) Synthesis Options Summary
  2) HDL Compilation
  3) Design Hierarchy Analysis
  4) HDL Analysis
  5) HDL Synthesis
     5.1) HDL Synthesis Report
  6) Advanced HDL Synthesis
     6.1) Advanced HDL Synthesis Report
  7) Low Level Synthesis
  8) Partition Report
  9) Final Report
	9.1) Device utilization summary
	9.2) Partition Resource Summary
	9.3) TIMING REPORT


=========================================================================
*                      Synthesis Options Summary                        *
=========================================================================
---- Source Parameters
Input File Name                    : "MIPS_control_unit.prj"
Input Format                       : mixed
Ignore Synthesis Constraint File   : NO

---- Target Parameters
Output File Name                   : "MIPS_control_unit"
Output Format                      : NGC
Target Device                      : xc3s500e-4-fg320

---- Source Options
Top Module Name                    : MIPS_control_unit
Automatic FSM Extraction           : YES
FSM Encoding Algorithm             : Auto
Safe Implementation                : No
FSM Style                          : LUT
RAM Extraction                     : Yes
RAM Style                          : Auto
ROM Extraction                     : Yes
Mux Style                          : Auto
Decoder Extraction                 : YES
Priority Encoder Extraction        : Yes
Shift Register Extraction          : YES
Logical Shifter Extraction         : YES
XOR Collapsing                     : YES
ROM Style                          : Auto
Mux Extraction                     : Yes
Resource Sharing                   : YES
Asynchronous To Synchronous        : NO
Multiplier Style                   : Auto
Automatic Register Balancing       : No

---- Target Options
Add IO Buffers                     : YES
Global Maximum Fanout              : 100000
Add Generic Clock Buffer(BUFG)     : 24
Register Duplication               : YES
Slice Packing                      : YES
Optimize Instantiated Primitives   : NO
Use Clock Enable                   : Yes
Use Synchronous Set                : Yes
Use Synchronous Reset              : Yes
Pack IO Registers into IOBs        : Auto
Equivalent register Removal        : YES

---- General Options
Optimization Goal                  : Speed
Optimization Effort                : 1
Keep Hierarchy                     : No
Netlist Hierarchy                  : As_Optimized
RTL Output                         : Yes
Global Optimization                : AllClockNets
Read Cores                         : YES
Write Timing Constraints           : NO
Cross Clock Analysis               : NO
Hierarchy Separator                : /
Bus Delimiter                      : <>
Case Specifier                     : Maintain
Slice Utilization Ratio            : 100
BRAM Utilization Ratio             : 100
Verilog 2001                       : YES
Auto BRAM Packing                  : NO
Slice Utilization Ratio Delta      : 5

---- Other Options
Cores Search Directories           : {"../ipcore_dir"  }

=========================================================================


=========================================================================
*                          HDL Compilation                              *
=========================================================================
Compiling verilog file "../BlockMemoryControl.v" in library work
Module <MIPS_control_unit> compiled
No errors in compilation
Analysis of file <"MIPS_control_unit.prj"> succeeded.
 

=========================================================================
*                     Design Hierarchy Analysis                         *
=========================================================================
Analyzing hierarchy for module <MIPS_control_unit> in library <work>.


=========================================================================
*                            HDL Analysis                               *
=========================================================================
Analyzing top module <MIPS_control_unit>.
WARNING:Xst:2323 - "../BlockMemoryControl.v" line 38: Parameter 2 is not constant in call of system task $display.
"../BlockMemoryControl.v" line 38: $display : The opcode is %d
"../BlockMemoryControl.v" line 42: $display : R-type
"../BlockMemoryControl.v" line 54: $display : Branch on equal
"../BlockMemoryControl.v" line 66: $display : Load Word
"../BlockMemoryControl.v" line 78: $display : Store word
WARNING:Xst:2323 - "../BlockMemoryControl.v" line 89: Parameter 2 is not constant in call of system task $display.
"../BlockMemoryControl.v" line 89: $display :  Wrong Opcode %d 
Module <MIPS_control_unit> is correct for synthesis.
 

=========================================================================
*                           HDL Synthesis                               *
=========================================================================

Performing bidirectional port resolution...

Synthesizing Unit <MIPS_control_unit>.
    Related source file is "../BlockMemoryControl.v".
WARNING:Xst:647 - Input <Reset> is never used. This port will be preserved and left unconnected if it belongs to a top-level block or it belongs to a sub-block and the hierarchy of this sub-block is preserved.
    Register <MemtoReg> equivalent to <MemRead> has been removed
    Found 1-bit register for signal <ALUSrc>.
    Found 1-bit register for signal <Branch>.
    Found 1-bit register for signal <MemRead>.
    Found 1-bit register for signal <MemWrite>.
    Found 1-bit register for signal <RegDst>.
    Found 1-bit register for signal <RegWrite>.
    Summary:
	inferred   6 D-type flip-flop(s).
Unit <MIPS_control_unit> synthesized.


=========================================================================
HDL Synthesis Report

Macro Statistics
# Registers                                            : 6
 1-bit register                                        : 6

=========================================================================

=========================================================================
*                       Advanced HDL Synthesis                          *
=========================================================================


=========================================================================
Advanced HDL Synthesis Report

Macro Statistics
# Registers                                            : 6
 Flip-Flops                                            : 6

=========================================================================

=========================================================================
*                         Low Level Synthesis                           *
=========================================================================

Optimizing unit <MIPS_control_unit> ...

Mapping all equations...
Building and optimizing final netlist ...
Found area constraint ratio of 100 (+ 5) on block MIPS_control_unit, actual ratio is 0.

Final Macro Processing ...

=========================================================================
Final Register Report

Macro Statistics
# Registers                                            : 6
 Flip-Flops                                            : 6

=========================================================================

=========================================================================
*                           Partition Report                            *
=========================================================================

Partition Implementation Status
-------------------------------

  No Partitions were found in this design.

-------------------------------

=========================================================================
*                            Final Report                               *
=========================================================================
Final Results
RTL Top Level Output File Name     : MIPS_control_unit.ngr
Top Level Output File Name         : MIPS_control_unit
Output Format                      : NGC
Optimization Goal                  : Speed
Keep Hierarchy                     : No

Design Statistics
# IOs                              : 15

Cell Usage :
# BELS                             : 16
#      LUT2                        : 4
#      LUT4                        : 11
#      MUXF5                       : 1
# FlipFlops/Latches                : 6
#      FD                          : 6
# Clock Buffers                    : 1
#      BUFGP                       : 1
# IO Buffers                       : 13
#      IBUF                        : 6
#      OBUF                        : 7
=========================================================================

Device utilization summary:
---------------------------

Selected Device : 3s500efg320-4 

 Number of Slices:                        8  out of   4656     0%  
 Number of Slice Flip Flops:              6  out of   9312     0%  
 Number of 4 input LUTs:                 15  out of   9312     0%  
 Number of IOs:                          15
 Number of bonded IOBs:                  14  out of    232     6%  
 Number of GCLKs:                         1  out of     24     4%  

---------------------------
Partition Resource Summary:
---------------------------

  No Partitions were found in this design.

---------------------------


=========================================================================
TIMING REPORT

NOTE: THESE TIMING NUMBERS ARE ONLY A SYNTHESIS ESTIMATE.
      FOR ACCURATE TIMING INFORMATION PLEASE REFER TO THE TRACE REPORT
      GENERATED AFTER PLACE-and-ROUTE.

Clock Information:
------------------
-----------------------------------+------------------------+-------+
Clock Signal                       | Clock buffer(FF name)  | Load  |
-----------------------------------+------------------------+-------+
CLK                                | BUFGP                  | 6     |
-----------------------------------+------------------------+-------+

Asynchronous Control Signals Information:
----------------------------------------
No asynchronous control signals found in this design

Timing Summary:
---------------
Speed Grade: -4

   Minimum period: 2.138ns (Maximum Frequency: 467.727MHz)
   Minimum input arrival time before clock: 5.701ns
   Maximum output required time after clock: 4.394ns
   Maximum combinational path delay: No path found

Timing Detail:
--------------
All values displayed in nanoseconds (ns)

=========================================================================
Timing constraint: Default period analysis for Clock 'CLK'
  Clock period: 2.138ns (frequency: 467.727MHz)
  Total number of paths / destination ports: 6 / 6
-------------------------------------------------------------------------
Delay:               2.138ns (Levels of Logic = 1)
  Source:            MemRead (FF)
  Destination:       MemRead (FF)
  Source Clock:      CLK rising
  Destination Clock: CLK rising

  Data Path: MemRead to MemRead
                                Gate     Net
    Cell:in->out      fanout   Delay   Delay  Logical Name (Net Name)
    ----------------------------------------  ------------
     FD:C->Q               3   0.591   0.535  MemRead (MemtoReg_OBUF)
     LUT4:I3->O            1   0.704   0.000  MemRead_mux0000 (MemRead_mux0000)
     FD:D                      0.308          MemRead
    ----------------------------------------
    Total                      2.138ns (1.603ns logic, 0.535ns route)
                                       (75.0% logic, 25.0% route)

=========================================================================
Timing constraint: Default OFFSET IN BEFORE for Clock 'CLK'
  Total number of paths / destination ports: 94 / 6
-------------------------------------------------------------------------
Offset:              5.701ns (Levels of Logic = 4)
  Source:            Opcode<0> (PAD)
  Destination:       RegWrite (FF)
  Destination Clock: CLK rising

  Data Path: Opcode<0> to RegWrite
                                Gate     Net
    Cell:in->out      fanout   Delay   Delay  Logical Name (Net Name)
    ----------------------------------------  ------------
     IBUF:I->O             3   1.218   0.706  Opcode_0_IBUF (Opcode_0_IBUF)
     LUT4:I0->O            4   0.704   0.762  ALUSrc_cmp_eq000211 (N5)
     LUT4:I0->O            1   0.704   0.595  RegWrite_mux000011 (RegWrite_mux000011)
     LUT4:I0->O            1   0.704   0.000  RegWrite_mux000023 (RegWrite_mux0000)
     FD:D                      0.308          RegWrite
    ----------------------------------------
    Total                      5.701ns (3.638ns logic, 2.063ns route)
                                       (63.8% logic, 36.2% route)

=========================================================================
Timing constraint: Default OFFSET OUT AFTER for Clock 'CLK'
  Total number of paths / destination ports: 7 / 7
-------------------------------------------------------------------------
Offset:              4.394ns (Levels of Logic = 1)
  Source:            MemRead (FF)
  Destination:       MemRead (PAD)
  Source Clock:      CLK rising

  Data Path: MemRead to MemRead
                                Gate     Net
    Cell:in->out      fanout   Delay   Delay  Logical Name (Net Name)
    ----------------------------------------  ------------
     FD:C->Q               3   0.591   0.531  MemRead (MemtoReg_OBUF)
     OBUF:I->O                 3.272          MemRead_OBUF (MemRead)
    ----------------------------------------
    Total                      4.394ns (3.863ns logic, 0.531ns route)
                                       (87.9% logic, 12.1% route)

=========================================================================


Total REAL time to Xst completion: 3.00 secs
Total CPU time to Xst completion: 3.87 secs
 
--> 

Total memory usage is 259512 kilobytes

Number of errors   :    0 (   0 filtered)
Number of warnings :    3 (   0 filtered)
Number of infos    :    0 (   0 filtered)

