MO alu1b NULL alu1b.vf vlg51/alu1b.bin 1486432669
MO add1b_MUSER_alu1b NULL alu1b.vf vlg23/add1b___m_u_s_e_r__alu1b.bin 1486432669
MO mux16b2 NULL ../../1A-alfayeka-davissm-merreltc-smithlb/Implementation/Units/mux16b2/mux16b2.v vlg55/mux16b2.bin 1486432669
MO M2_1E_MXILINX_PC_plus_ALU NULL PC_plus_ALU.vf vlg62/_m2__1_e___m_x_i_l_i_n_x___p_c__plus___a_l_u.bin 1486432669
MO M2_1_MXILINX_alu16b NULL alu16b.vf vlg31/_m2__1___m_x_i_l_i_n_x__alu16b.bin 1486432669
MO buf16_MUSER_constant16b0001 NULL constant16b0001.vf vlg06/buf16___m_u_s_e_r__constant16b0001.bin 1486432669
MO add1b_MUSER_PC_plus_ALU NULL PC_plus_ALU.vf vlg25/add1b___m_u_s_e_r___p_c__plus___a_l_u.bin 1486432669
MO alu1b_MUSER_alu16b NULL alu16b.vf vlg1A/alu1b___m_u_s_e_r__alu16b.bin 1486432669
MO M2_1E_MXILINX_alu1b NULL alu1b.vf vlg38/_m2__1_e___m_x_i_l_i_n_x__alu1b.bin 1486432669
MO M2_1_MXILINX_alu1b NULL alu1b.vf vlg6F/_m2__1___m_x_i_l_i_n_x__alu1b.bin 1486432669
MO NOR16_MXILINX_alu16b NULL alu16b.vf vlg2C/_n_o_r16___m_x_i_l_i_n_x__alu16b.bin 1486432669
MO alu16b NULL alu16b.vf vlg1B/alu16b.bin 1486432669
MO PC_plus_ALU NULL PC_plus_ALU.vf vlg43/_p_c__plus___a_l_u.bin 1486432669
MO INV16_MXILINX_alu16b NULL alu16b.vf vlg36/_i_n_v16___m_x_i_l_i_n_x__alu16b.bin 1486432669
MO alu16b_MUSER_PC_plus_ALU NULL PC_plus_ALU.vf vlg48/alu16b___m_u_s_e_r___p_c__plus___a_l_u.bin 1486432669
MO reg16 NULL reg16.vf vlg5D/reg16.bin 1486432669
MO M4_1E_MXILINX_alu16b NULL alu16b.vf vlg50/_m4__1_e___m_x_i_l_i_n_x__alu16b.bin 1486432669
MO add1b_MUSER_alu16b NULL alu16b.vf vlg35/add1b___m_u_s_e_r__alu16b.bin 1486432669
MO constant16b0000 NULL constant16b0000.vf vlg5F/constant16b0000.bin 1486432669
MO constant16b0001 NULL constant16b0001.vf vlg60/constant16b0001.bin 1486432669
MO constant16b0010 NULL constant16b0010.vf vlg64/constant16b0010.bin 1486405164
MO constant16b0010_MUSER_PC_plus_ALU NULL PC_plus_ALU.vf vlg29/constant16b0010___m_u_s_e_r___p_c__plus___a_l_u.bin 1486405164
MO FD16CE_MXILINX_reg16 NULL reg16.vf vlg0D/_f_d16_c_e___m_x_i_l_i_n_x__reg16.bin 1486432669
MO add1b NULL add1b.vf vlg40/add1b.bin 1486432669
MO M2_1_MXILINX_PC_plus_ALU NULL PC_plus_ALU.vf vlg51/_m2__1___m_x_i_l_i_n_x___p_c__plus___a_l_u.bin 1486432669
MO M4_1E_MXILINX_PC_plus_ALU NULL PC_plus_ALU.vf vlg3C/_m4__1_e___m_x_i_l_i_n_x___p_c__plus___a_l_u.bin 1486432669
MO alu1b_MUSER_PC_plus_ALU NULL PC_plus_ALU.vf vlg0E/alu1b___m_u_s_e_r___p_c__plus___a_l_u.bin 1486432669
MO M2_1E_MXILINX_alu16b NULL alu16b.vf vlg1E/_m2__1_e___m_x_i_l_i_n_x__alu16b.bin 1486432669
MO M4_1E_MXILINX_alu1b NULL alu1b.vf vlg42/_m4__1_e___m_x_i_l_i_n_x__alu1b.bin 1486432669
MO buf16 NULL buf16.vf vlg04/buf16.bin 1486405164
MO INV16_MXILINX_PC_plus_ALU NULL PC_plus_ALU.vf vlg5A/_i_n_v16___m_x_i_l_i_n_x___p_c__plus___a_l_u.bin 1486432669
MO NOR16_MXILINX_PC_plus_ALU NULL PC_plus_ALU.vf vlg48/_n_o_r16___m_x_i_l_i_n_x___p_c__plus___a_l_u.bin 1486432669
